2024-12-08 03:03:21,091 - __main__ - ERROR - РћС€РёР±РєР° РїСЂРё Р·Р°РїСѓСЃРєРµ РїСЂРёР»РѕР¶РµРЅРёСЏ: name 'QGraphicsOpacityEffect' is not defined
2024-12-08 03:04:14,821 - __main__ - ERROR - РћС€РёР±РєР° РїСЂРё Р·Р°РїСѓСЃРєРµ РїСЂРёР»РѕР¶РµРЅРёСЏ: name 'QGraphicsOpacityEffect' is not defined
2024-12-08 03:06:16,771 - __main__ - ERROR - РћС€РёР±РєР° РїСЂРё Р·Р°РїСѓСЃРєРµ РїСЂРёР»РѕР¶РµРЅРёСЏ: name 'QGraphicsOpacityEffect' is not defined
2024-12-08 03:06:26,329 - __main__ - ERROR - РћС€РёР±РєР° РїСЂРё Р·Р°РїСѓСЃРєРµ РїСЂРёР»РѕР¶РµРЅРёСЏ: name 'QGraphicsOpacityEffect' is not defined
2024-12-08 03:07:26,020 - __main__ - ERROR - РћС€РёР±РєР° РїСЂРё Р·Р°РїСѓСЃРєРµ РїСЂРёР»РѕР¶РµРЅРёСЏ: name 'QGraphicsDropShadowEffect' is not defined
2024-12-08 03:07:45,975 - __main__ - ERROR - РћС€РёР±РєР° РїСЂРё Р·Р°РїСѓСЃРєРµ РїСЂРёР»РѕР¶РµРЅРёСЏ: name 'QGraphicsDropShadowEffect' is not defined
2024-12-08 03:07:53,012 - __main__ - ERROR - РћС€РёР±РєР° РїСЂРё Р·Р°РїСѓСЃРєРµ РїСЂРёР»РѕР¶РµРЅРёСЏ: name 'QGraphicsDropShadowEffect' is not defined
2024-12-08 03:26:21,230 - ui.window_manager - INFO - РЎРѕР·РґР°РЅ РЅРѕРІС‹Р№ СЌРєР·РµРјРїР»СЏСЂ WindowManager
2024-12-08 03:26:21,230 - ui.window_manager - INFO - РџРѕРїС‹С‚РєР° РїРѕРєР°Р·Р°С‚СЊ РѕРєРЅРѕ РєР»Р°СЃСЃР° LoginWindow
2024-12-08 03:26:21,354 - ui.window_manager - INFO - РЈСЃРїРµС€РЅРѕ РїРѕРєР°Р·Р°РЅРѕ РЅРѕРІРѕРµ РѕРєРЅРѕ РєР»Р°СЃСЃР° LoginWindow
2024-12-08 03:26:24,260 - ui.window_manager - INFO - РџРѕРїС‹С‚РєР° РїРѕРєР°Р·Р°С‚СЊ РѕРєРЅРѕ РєР»Р°СЃСЃР° TeacherLoginWindow
2024-12-08 03:26:24,272 - ui.window_manager - INFO - РЈСЃРїРµС€РЅРѕ РїРѕРєР°Р·Р°РЅРѕ РЅРѕРІРѕРµ РѕРєРЅРѕ РєР»Р°СЃСЃР° TeacherLoginWindow
2024-12-08 03:26:28,953 - ui.window_manager - INFO - РџРѕРїС‹С‚РєР° РїРѕРєР°Р·Р°С‚СЊ РѕРєРЅРѕ РєР»Р°СЃСЃР° TeacherWindow
2024-12-08 03:26:28,968 - ui.window_manager - INFO - РЈСЃРїРµС€РЅРѕ РїРѕРєР°Р·Р°РЅРѕ РЅРѕРІРѕРµ РѕРєРЅРѕ РєР»Р°СЃСЃР° TeacherWindow
2024-12-08 11:37:03,151 - ui.window_manager - INFO - РџРѕРїС‹С‚РєР° РїРѕРєР°Р·Р°С‚СЊ РѕРєРЅРѕ РєР»Р°СЃСЃР° LoginWindow
2024-12-08 11:37:03,213 - ui.window_manager - INFO - РЈСЃРїРµС€РЅРѕ РїРѕРєР°Р·Р°РЅРѕ РЅРѕРІРѕРµ РѕРєРЅРѕ РєР»Р°СЃСЃР° LoginWindow
2024-12-08 11:37:07,309 - ui.window_manager - INFO - РџРѕРїС‹С‚РєР° РїРѕРєР°Р·Р°С‚СЊ РѕРєРЅРѕ РєР»Р°СЃСЃР° TeacherLoginWindow
2024-12-08 11:37:07,318 - ui.window_manager - INFO - РЈСЃРїРµС€РЅРѕ РїРѕРєР°Р·Р°РЅРѕ РЅРѕРІРѕРµ РѕРєРЅРѕ РєР»Р°СЃСЃР° TeacherLoginWindow
2024-12-08 11:37:11,961 - ui.window_manager - INFO - РџРѕРїС‹С‚РєР° РїРѕРєР°Р·Р°С‚СЊ РѕРєРЅРѕ РєР»Р°СЃСЃР° TeacherWindow
2024-12-08 11:37:11,973 - ui.window_manager - INFO - РЈСЃРїРµС€РЅРѕ РїРѕРєР°Р·Р°РЅРѕ РЅРѕРІРѕРµ РѕРєРЅРѕ РєР»Р°СЃСЃР° TeacherWindow
2024-12-08 11:48:25,472 - ui.window_manager - INFO - РЎРѕР·РґР°РЅ РЅРѕРІС‹Р№ СЌРєР·РµРјРїР»СЏСЂ WindowManager
2024-12-08 11:48:25,472 - ui.window_manager - INFO - РџРѕРїС‹С‚РєР° РїРѕРєР°Р·Р°С‚СЊ РѕРєРЅРѕ РєР»Р°СЃСЃР° TeacherLoginWindow
2024-12-08 11:48:25,492 - ui.window_manager - INFO - РЈСЃРїРµС€РЅРѕ РїРѕРєР°Р·Р°РЅРѕ РЅРѕРІРѕРµ РѕРєРЅРѕ РєР»Р°СЃСЃР° TeacherLoginWindow
2024-12-08 11:48:41,871 - ui.window_manager - INFO - РџРѕРїС‹С‚РєР° РїРѕРєР°Р·Р°С‚СЊ РѕРєРЅРѕ РєР»Р°СЃСЃР° TeacherWindow
2024-12-08 11:48:41,886 - ui.window_manager - INFO - РЈСЃРїРµС€РЅРѕ РїРѕРєР°Р·Р°РЅРѕ РЅРѕРІРѕРµ РѕРєРЅРѕ РєР»Р°СЃСЃР° TeacherWindow
2024-12-08 11:54:06,355 - ui.window_manager - INFO - РЎРѕР·РґР°РЅ РЅРѕРІС‹Р№ СЌРєР·РµРјРїР»СЏСЂ WindowManager
2024-12-08 11:54:06,356 - ui.window_manager - INFO - РџРѕРїС‹С‚РєР° РїРѕРєР°Р·Р°С‚СЊ РѕРєРЅРѕ РєР»Р°СЃСЃР° TeacherLoginWindow
2024-12-08 11:54:06,374 - ui.window_manager - INFO - РЈСЃРїРµС€РЅРѕ РїРѕРєР°Р·Р°РЅРѕ РЅРѕРІРѕРµ РѕРєРЅРѕ РєР»Р°СЃСЃР° TeacherLoginWindow
2024-12-08 11:54:33,358 - ui.window_manager - INFO - РџРѕРїС‹С‚РєР° РїРѕРєР°Р·Р°С‚СЊ РѕРєРЅРѕ РєР»Р°СЃСЃР° TeacherWindow
2024-12-08 11:54:33,370 - ui.window_manager - ERROR - РћС€РёР±РєР° РїСЂРё СЃРѕР·РґР°РЅРёРё РѕРєРЅР° РєР»Р°СЃСЃР° TeacherWindow: 'TeacherWindow' object has no attribute 'stats_widget'
Traceback (most recent call last):
  File "/home/totosha/Р”РѕРєСѓРјРµРЅС‚С‹/GitHub/student_app_my/students_app/ui/window_manager.py", line 34, in show_window
    new_window = window_class()
                 ^^^^^^^^^^^^^^
  File "/home/totosha/Р”РѕРєСѓРјРµРЅС‚С‹/GitHub/student_app_my/students_app/ui/teacher_window.py", line 89, in __init__
    self.setup_table(content)
  File "/home/totosha/Р”РѕРєСѓРјРµРЅС‚С‹/GitHub/student_app_my/students_app/ui/teacher_window.py", line 196, in setup_table
    self.update_table()
  File "/home/totosha/Р”РѕРєСѓРјРµРЅС‚С‹/GitHub/student_app_my/students_app/ui/teacher_window.py", line 254, in update_table
    self.update_stats()
  File "/home/totosha/Р”РѕРєСѓРјРµРЅС‚С‹/GitHub/student_app_my/students_app/ui/teacher_window.py", line 266, in update_stats
    self.stats_widget.update_stats(data)
    ^^^^^^^^^^^^^^^^^
AttributeError: 'TeacherWindow' object has no attribute 'stats_widget'
2024-12-08 11:54:33,391 - ui.teacher_login_window - ERROR - РћС€РёР±РєР° РїСЂРё РѕС‚РєСЂС‹С‚РёРё РѕРєРЅР° РїСЂРµРїРѕРґР°РІР°С‚РµР»СЏ: РћС€РёР±РєР° РїСЂРё СЃРѕР·РґР°РЅРёРё РѕРєРЅР° РєР»Р°СЃСЃР° TeacherWindow: 'TeacherWindow' object has no attribute 'stats_widget'
Traceback (most recent call last):
  File "/home/totosha/Р”РѕРєСѓРјРµРЅС‚С‹/GitHub/student_app_my/students_app/ui/window_manager.py", line 34, in show_window
    new_window = window_class()
                 ^^^^^^^^^^^^^^
  File "/home/totosha/Р”РѕРєСѓРјРµРЅС‚С‹/GitHub/student_app_my/students_app/ui/teacher_window.py", line 89, in __init__
    self.setup_table(content)
  File "/home/totosha/Р”РѕРєСѓРјРµРЅС‚С‹/GitHub/student_app_my/students_app/ui/teacher_window.py", line 196, in setup_table
    self.update_table()
  File "/home/totosha/Р”РѕРєСѓРјРµРЅС‚С‹/GitHub/student_app_my/students_app/ui/teacher_window.py", line 254, in update_table
    self.update_stats()
  File "/home/totosha/Р”РѕРєСѓРјРµРЅС‚С‹/GitHub/student_app_my/students_app/ui/teacher_window.py", line 266, in update_stats
    self.stats_widget.update_stats(data)
    ^^^^^^^^^^^^^^^^^
AttributeError: 'TeacherWindow' object has no attribute 'stats_widget'

During handling of the above exception, another exception occurred:

Traceback (most recent call last):
  File "/home/totosha/Р”РѕРєСѓРјРµРЅС‚С‹/GitHub/student_app_my/students_app/ui/teacher_login_window.py", line 122, in handle_login
    WindowManager().show_window(TeacherWindow)
  File "/home/totosha/Р”РѕРєСѓРјРµРЅС‚С‹/GitHub/student_app_my/students_app/ui/window_manager.py", line 51, in show_window
    raise Exception(error_msg)
Exception: РћС€РёР±РєР° РїСЂРё СЃРѕР·РґР°РЅРёРё РѕРєРЅР° РєР»Р°СЃСЃР° TeacherWindow: 'TeacherWindow' object has no attribute 'stats_widget'
2024-12-08 11:54:43,547 - ui.window_manager - INFO - РџРѕРїС‹С‚РєР° РїРѕРєР°Р·Р°С‚СЊ РѕРєРЅРѕ РєР»Р°СЃСЃР° TeacherWindow
2024-12-08 11:54:43,551 - ui.window_manager - ERROR - РћС€РёР±РєР° РїСЂРё СЃРѕР·РґР°РЅРёРё РѕРєРЅР° РєР»Р°СЃСЃР° TeacherWindow: 'TeacherWindow' object has no attribute 'stats_widget'
Traceback (most recent call last):
  File "/home/totosha/Р”РѕРєСѓРјРµРЅС‚С‹/GitHub/student_app_my/students_app/ui/window_manager.py", line 34, in show_window
    new_window = window_class()
                 ^^^^^^^^^^^^^^
  File "/home/totosha/Р”РѕРєСѓРјРµРЅС‚С‹/GitHub/student_app_my/students_app/ui/teacher_window.py", line 89, in __init__
    self.setup_table(content)
  File "/home/totosha/Р”РѕРєСѓРјРµРЅС‚С‹/GitHub/student_app_my/students_app/ui/teacher_window.py", line 196, in setup_table
    self.update_table()
  File "/home/totosha/Р”РѕРєСѓРјРµРЅС‚С‹/GitHub/student_app_my/students_app/ui/teacher_window.py", line 254, in update_table
    self.update_stats()
  File "/home/totosha/Р”РѕРєСѓРјРµРЅС‚С‹/GitHub/student_app_my/students_app/ui/teacher_window.py", line 266, in update_stats
    self.stats_widget.update_stats(data)
    ^^^^^^^^^^^^^^^^^
AttributeError: 'TeacherWindow' object has no attribute 'stats_widget'
2024-12-08 11:54:43,571 - ui.teacher_login_window - ERROR - РћС€РёР±РєР° РїСЂРё РѕС‚РєСЂС‹С‚РёРё РѕРєРЅР° РїСЂРµРїРѕРґР°РІР°С‚РµР»СЏ: РћС€РёР±РєР° РїСЂРё СЃРѕР·РґР°РЅРёРё РѕРєРЅР° РєР»Р°СЃСЃР° TeacherWindow: 'TeacherWindow' object has no attribute 'stats_widget'
Traceback (most recent call last):
  File "/home/totosha/Р”РѕРєСѓРјРµРЅС‚С‹/GitHub/student_app_my/students_app/ui/window_manager.py", line 34, in show_window
    new_window = window_class()
                 ^^^^^^^^^^^^^^
  File "/home/totosha/Р”РѕРєСѓРјРµРЅС‚С‹/GitHub/student_app_my/students_app/ui/teacher_window.py", line 89, in __init__
    self.setup_table(content)
  File "/home/totosha/Р”РѕРєСѓРјРµРЅС‚С‹/GitHub/student_app_my/students_app/ui/teacher_window.py", line 196, in setup_table
    self.update_table()
  File "/home/totosha/Р”РѕРєСѓРјРµРЅС‚С‹/GitHub/student_app_my/students_app/ui/teacher_window.py", line 254, in update_table
    self.update_stats()
  File "/home/totosha/Р”РѕРєСѓРјРµРЅС‚С‹/GitHub/student_app_my/students_app/ui/teacher_window.py", line 266, in update_stats
    self.stats_widget.update_stats(data)
    ^^^^^^^^^^^^^^^^^
AttributeError: 'TeacherWindow' object has no attribute 'stats_widget'

During handling of the above exception, another exception occurred:

Traceback (most recent call last):
  File "/home/totosha/Р”РѕРєСѓРјРµРЅС‚С‹/GitHub/student_app_my/students_app/ui/teacher_login_window.py", line 122, in handle_login
    WindowManager().show_window(TeacherWindow)
  File "/home/totosha/Р”РѕРєСѓРјРµРЅС‚С‹/GitHub/student_app_my/students_app/ui/window_manager.py", line 51, in show_window
    raise Exception(error_msg)
Exception: РћС€РёР±РєР° РїСЂРё СЃРѕР·РґР°РЅРёРё РѕРєРЅР° РєР»Р°СЃСЃР° TeacherWindow: 'TeacherWindow' object has no attribute 'stats_widget'
2024-12-08 11:55:34,101 - ui.window_manager - INFO - РЎРѕР·РґР°РЅ РЅРѕРІС‹Р№ СЌРєР·РµРјРїР»СЏСЂ WindowManager
2024-12-08 11:55:34,101 - ui.window_manager - INFO - РџРѕРїС‹С‚РєР° РїРѕРєР°Р·Р°С‚СЊ РѕРєРЅРѕ РєР»Р°СЃСЃР° TeacherLoginWindow
2024-12-08 11:55:34,118 - ui.window_manager - INFO - РЈСЃРїРµС€РЅРѕ РїРѕРєР°Р·Р°РЅРѕ РЅРѕРІРѕРµ РѕРєРЅРѕ РєР»Р°СЃСЃР° TeacherLoginWindow
2024-12-08 11:55:38,567 - ui.window_manager - INFO - РџРѕРїС‹С‚РєР° РїРѕРєР°Р·Р°С‚СЊ РѕРєРЅРѕ РєР»Р°СЃСЃР° TeacherWindow
2024-12-08 11:55:38,765 - ui.window_manager - INFO - РЈСЃРїРµС€РЅРѕ РїРѕРєР°Р·Р°РЅРѕ РЅРѕРІРѕРµ РѕРєРЅРѕ РєР»Р°СЃСЃР° TeacherWindow
2024-12-08 12:09:30,958 - ui.window_manager - INFO - РЎРѕР·РґР°РЅ РЅРѕРІС‹Р№ СЌРєР·РµРјРїР»СЏСЂ WindowManager
2024-12-08 12:09:30,958 - ui.window_manager - INFO - РџРѕРїС‹С‚РєР° РїРѕРєР°Р·Р°С‚СЊ РѕРєРЅРѕ РєР»Р°СЃСЃР° TeacherLoginWindow
2024-12-08 12:09:30,976 - ui.window_manager - INFO - РЈСЃРїРµС€РЅРѕ РїРѕРєР°Р·Р°РЅРѕ РЅРѕРІРѕРµ РѕРєРЅРѕ РєР»Р°СЃСЃР° TeacherLoginWindow
2024-12-08 12:09:38,123 - ui.window_manager - INFO - РџРѕРїС‹С‚РєР° РїРѕРєР°Р·Р°С‚СЊ РѕРєРЅРѕ РєР»Р°СЃСЃР° TeacherWindow
2024-12-08 12:09:38,143 - ui.window_manager - INFO - РЈСЃРїРµС€РЅРѕ РїРѕРєР°Р·Р°РЅРѕ РЅРѕРІРѕРµ РѕРєРЅРѕ РєР»Р°СЃСЃР° TeacherWindow
2024-12-08 12:14:13,076 - ui.window_manager - INFO - РЎРѕР·РґР°РЅ РЅРѕРІС‹Р№ СЌРєР·РµРјРїР»СЏСЂ WindowManager
2024-12-08 12:14:13,076 - ui.window_manager - INFO - РџРѕРїС‹С‚РєР° РїРѕРєР°Р·Р°С‚СЊ РѕРєРЅРѕ РєР»Р°СЃСЃР° TeacherLoginWindow
2024-12-08 12:14:13,094 - ui.window_manager - INFO - РЈСЃРїРµС€РЅРѕ РїРѕРєР°Р·Р°РЅРѕ РЅРѕРІРѕРµ РѕРєРЅРѕ РєР»Р°СЃСЃР° TeacherLoginWindow
2024-12-08 12:14:18,845 - ui.window_manager - INFO - РџРѕРїС‹С‚РєР° РїРѕРєР°Р·Р°С‚СЊ РѕРєРЅРѕ РєР»Р°СЃСЃР° TeacherWindow
2024-12-08 12:14:18,863 - ui.window_manager - INFO - РЈСЃРїРµС€РЅРѕ РїРѕРєР°Р·Р°РЅРѕ РЅРѕРІРѕРµ РѕРєРЅРѕ РєР»Р°СЃСЃР° TeacherWindow
2024-12-08 12:17:38,001 - ui.window_manager - INFO - РЎРѕР·РґР°РЅ РЅРѕРІС‹Р№ СЌРєР·РµРјРїР»СЏСЂ WindowManager
2024-12-08 12:17:38,002 - ui.window_manager - INFO - РџРѕРїС‹С‚РєР° РїРѕРєР°Р·Р°С‚СЊ РѕРєРЅРѕ РєР»Р°СЃСЃР° TeacherLoginWindow
2024-12-08 12:17:38,021 - ui.window_manager - INFO - РЈСЃРїРµС€РЅРѕ РїРѕРєР°Р·Р°РЅРѕ РЅРѕРІРѕРµ РѕРєРЅРѕ РєР»Р°СЃСЃР° TeacherLoginWindow
2024-12-08 12:20:04,254 - ui.window_manager - INFO - РЎРѕР·РґР°РЅ РЅРѕРІС‹Р№ СЌРєР·РµРјРїР»СЏСЂ WindowManager
2024-12-08 12:20:04,254 - ui.window_manager - INFO - РџРѕРїС‹С‚РєР° РїРѕРєР°Р·Р°С‚СЊ РѕРєРЅРѕ РєР»Р°СЃСЃР° TeacherLoginWindow
2024-12-08 12:20:04,277 - ui.window_manager - INFO - РЈСЃРїРµС€РЅРѕ РїРѕРєР°Р·Р°РЅРѕ РЅРѕРІРѕРµ РѕРєРЅРѕ РєР»Р°СЃСЃР° TeacherLoginWindow
2024-12-08 12:23:05,191 - ui.window_manager - INFO - РЎРѕР·РґР°РЅ РЅРѕРІС‹Р№ СЌРєР·РµРјРїР»СЏСЂ WindowManager
2024-12-08 12:23:05,192 - ui.window_manager - INFO - РџРѕРїС‹С‚РєР° РїРѕРєР°Р·Р°С‚СЊ РѕРєРЅРѕ РєР»Р°СЃСЃР° TeacherLoginWindow
2024-12-08 12:23:05,195 - ui.window_manager - INFO - РЈСЃРїРµС€РЅРѕ РїРѕРєР°Р·Р°РЅРѕ РЅРѕРІРѕРµ РѕРєРЅРѕ РєР»Р°СЃСЃР° TeacherLoginWindow
2024-12-08 12:24:29,200 - ui.window_manager - INFO - РЎРѕР·РґР°РЅ РЅРѕРІС‹Р№ СЌРєР·РµРјРїР»СЏСЂ WindowManager
2024-12-08 12:24:29,200 - ui.window_manager - INFO - РџРѕРїС‹С‚РєР° РїРѕРєР°Р·Р°С‚СЊ РѕРєРЅРѕ РєР»Р°СЃСЃР° TeacherLoginWindow
2024-12-08 12:24:29,214 - ui.window_manager - INFO - РЈСЃРїРµС€РЅРѕ РїРѕРєР°Р·Р°РЅРѕ РЅРѕРІРѕРµ РѕРєРЅРѕ РєР»Р°СЃСЃР° TeacherLoginWindow
2024-12-08 12:26:10,350 - ui.window_manager - INFO - РЎРѕР·РґР°РЅ РЅРѕРІС‹Р№ СЌРєР·РµРјРїР»СЏСЂ WindowManager
2024-12-08 12:26:10,350 - ui.window_manager - INFO - РџРѕРїС‹С‚РєР° РїРѕРєР°Р·Р°С‚СЊ РѕРєРЅРѕ РєР»Р°СЃСЃР° TeacherLoginWindow
2024-12-08 12:26:10,364 - ui.window_manager - INFO - РЈСЃРїРµС€РЅРѕ РїРѕРєР°Р·Р°РЅРѕ РЅРѕРІРѕРµ РѕРєРЅРѕ РєР»Р°СЃСЃР° TeacherLoginWindow
2024-12-08 12:26:58,978 - ui.window_manager - INFO - РЎРѕР·РґР°РЅ РЅРѕРІС‹Р№ СЌРєР·РµРјРїР»СЏСЂ WindowManager
2024-12-08 12:26:58,979 - ui.window_manager - INFO - РџРѕРїС‹С‚РєР° РїРѕРєР°Р·Р°С‚СЊ РѕРєРЅРѕ РєР»Р°СЃСЃР° TeacherLoginWindow
2024-12-08 12:26:58,993 - ui.window_manager - INFO - РЈСЃРїРµС€РЅРѕ РїРѕРєР°Р·Р°РЅРѕ РЅРѕРІРѕРµ РѕРєРЅРѕ РєР»Р°СЃСЃР° TeacherLoginWindow
2024-12-08 12:27:23,175 - ui.window_manager - INFO - РЎРѕР·РґР°РЅ РЅРѕРІС‹Р№ СЌРєР·РµРјРїР»СЏСЂ WindowManager
2024-12-08 12:27:23,176 - ui.window_manager - INFO - РџРѕРїС‹С‚РєР° РїРѕРєР°Р·Р°С‚СЊ РѕРєРЅРѕ РєР»Р°СЃСЃР° TeacherLoginWindow
2024-12-08 12:27:23,193 - ui.window_manager - INFO - РЈСЃРїРµС€РЅРѕ РїРѕРєР°Р·Р°РЅРѕ РЅРѕРІРѕРµ РѕРєРЅРѕ РєР»Р°СЃСЃР° TeacherLoginWindow
2024-12-08 12:32:17,829 - ui.window_manager - INFO - РЎРѕР·РґР°РЅ РЅРѕРІС‹Р№ СЌРєР·РµРјРїР»СЏСЂ WindowManager
2024-12-08 12:32:17,829 - ui.window_manager - INFO - РџРѕРїС‹С‚РєР° РїРѕРєР°Р·Р°С‚СЊ РѕРєРЅРѕ РєР»Р°СЃСЃР° TeacherLoginWindow
2024-12-08 12:32:17,844 - ui.window_manager - INFO - РЈСЃРїРµС€РЅРѕ РїРѕРєР°Р·Р°РЅРѕ РЅРѕРІРѕРµ РѕРєРЅРѕ РєР»Р°СЃСЃР° TeacherLoginWindow
2024-12-08 12:34:01,686 - ui.window_manager - INFO - РЎРѕР·РґР°РЅ РЅРѕРІС‹Р№ СЌРєР·РµРјРїР»СЏСЂ WindowManager
2024-12-08 12:34:01,687 - ui.window_manager - INFO - РџРѕРїС‹С‚РєР° РїРѕРєР°Р·Р°С‚СЊ РѕРєРЅРѕ РєР»Р°СЃСЃР° TeacherLoginWindow
2024-12-08 12:34:01,703 - ui.window_manager - INFO - РЈСЃРїРµС€РЅРѕ РїРѕРєР°Р·Р°РЅРѕ РЅРѕРІРѕРµ РѕРєРЅРѕ РєР»Р°СЃСЃР° TeacherLoginWindow
2024-12-08 12:35:09,309 - ui.window_manager - INFO - РЎРѕР·РґР°РЅ РЅРѕРІС‹Р№ СЌРєР·РµРјРїР»СЏСЂ WindowManager
2024-12-08 12:35:09,310 - ui.window_manager - INFO - РџРѕРїС‹С‚РєР° РїРѕРєР°Р·Р°С‚СЊ РѕРєРЅРѕ РєР»Р°СЃСЃР° LoginWindow
2024-12-08 12:35:09,528 - ui.window_manager - INFO - РЈСЃРїРµС€РЅРѕ РїРѕРєР°Р·Р°РЅРѕ РЅРѕРІРѕРµ РѕРєРЅРѕ РєР»Р°СЃСЃР° LoginWindow
2024-12-08 12:35:11,924 - ui.window_manager - INFO - РџРѕРїС‹С‚РєР° РїРѕРєР°Р·Р°С‚СЊ РѕРєРЅРѕ РєР»Р°СЃСЃР° TeacherLoginWindow
2024-12-08 12:35:11,942 - ui.window_manager - INFO - РЈСЃРїРµС€РЅРѕ РїРѕРєР°Р·Р°РЅРѕ РЅРѕРІРѕРµ РѕРєРЅРѕ РєР»Р°СЃСЃР° TeacherLoginWindow
2024-12-08 12:36:09,459 - ui.window_manager - INFO - РЎРѕР·РґР°РЅ РЅРѕРІС‹Р№ СЌРєР·РµРјРїР»СЏСЂ WindowManager
2024-12-08 12:36:09,460 - ui.window_manager - INFO - РџРѕРїС‹С‚РєР° РїРѕРєР°Р·Р°С‚СЊ РѕРєРЅРѕ РєР»Р°СЃСЃР° LoginWindow
2024-12-08 12:36:09,665 - ui.window_manager - INFO - РЈСЃРїРµС€РЅРѕ РїРѕРєР°Р·Р°РЅРѕ РЅРѕРІРѕРµ РѕРєРЅРѕ РєР»Р°СЃСЃР° LoginWindow
2024-12-08 12:36:12,405 - ui.window_manager - INFO - РџРѕРїС‹С‚РєР° РїРѕРєР°Р·Р°С‚СЊ РѕРєРЅРѕ РєР»Р°СЃСЃР° TeacherLoginWindow
2024-12-08 12:36:12,421 - ui.window_manager - INFO - РЈСЃРїРµС€РЅРѕ РїРѕРєР°Р·Р°РЅРѕ РЅРѕРІРѕРµ РѕРєРЅРѕ РєР»Р°СЃСЃР° TeacherLoginWindow
2024-12-08 12:37:06,296 - ui.window_manager - INFO - РЎРѕР·РґР°РЅ РЅРѕРІС‹Р№ СЌРєР·РµРјРїР»СЏСЂ WindowManager
2024-12-08 12:37:06,297 - ui.window_manager - INFO - РџРѕРїС‹С‚РєР° РїРѕРєР°Р·Р°С‚СЊ РѕРєРЅРѕ РєР»Р°СЃСЃР° LoginWindow
2024-12-08 12:37:06,555 - ui.window_manager - INFO - РЈСЃРїРµС€РЅРѕ РїРѕРєР°Р·Р°РЅРѕ РЅРѕРІРѕРµ РѕРєРЅРѕ РєР»Р°СЃСЃР° LoginWindow
2024-12-08 12:37:09,063 - numexpr.utils - INFO - NumExpr defaulting to 12 threads.
2024-12-08 12:39:00,867 - ui.window_manager - INFO - РЎРѕР·РґР°РЅ РЅРѕРІС‹Р№ СЌРєР·РµРјРїР»СЏСЂ WindowManager
2024-12-08 12:39:00,868 - ui.window_manager - INFO - РџРѕРїС‹С‚РєР° РїРѕРєР°Р·Р°С‚СЊ РѕРєРЅРѕ РєР»Р°СЃСЃР° LoginWindow
2024-12-08 12:39:01,130 - ui.window_manager - INFO - РЈСЃРїРµС€РЅРѕ РїРѕРєР°Р·Р°РЅРѕ РЅРѕРІРѕРµ РѕРєРЅРѕ РєР»Р°СЃСЃР° LoginWindow
2024-12-08 12:39:05,111 - numexpr.utils - INFO - NumExpr defaulting to 12 threads.
2024-12-08 12:39:31,107 - ui.window_manager - INFO - РЎРѕР·РґР°РЅ РЅРѕРІС‹Р№ СЌРєР·РµРјРїР»СЏСЂ WindowManager
2024-12-08 12:39:31,108 - ui.window_manager - INFO - РџРѕРїС‹С‚РєР° РїРѕРєР°Р·Р°С‚СЊ РѕРєРЅРѕ РєР»Р°СЃСЃР° LoginWindow
2024-12-08 12:39:31,359 - ui.window_manager - INFO - РЈСЃРїРµС€РЅРѕ РїРѕРєР°Р·Р°РЅРѕ РЅРѕРІРѕРµ РѕРєРЅРѕ РєР»Р°СЃСЃР° LoginWindow
2024-12-08 12:39:34,980 - ui.window_manager - INFO - РџРѕРїС‹С‚РєР° РїРѕРєР°Р·Р°С‚СЊ РѕРєРЅРѕ РєР»Р°СЃСЃР° TeacherLoginWindow
2024-12-08 12:39:34,997 - ui.window_manager - INFO - РЈСЃРїРµС€РЅРѕ РїРѕРєР°Р·Р°РЅРѕ РЅРѕРІРѕРµ РѕРєРЅРѕ РєР»Р°СЃСЃР° TeacherLoginWindow
2024-12-08 12:39:40,842 - ui.window_manager - INFO - РџРѕРїС‹С‚РєР° РїРѕРєР°Р·Р°С‚СЊ РѕРєРЅРѕ РєР»Р°СЃСЃР° TeacherWindow
2024-12-08 12:39:40,892 - ui.window_manager - INFO - РЈСЃРїРµС€РЅРѕ РїРѕРєР°Р·Р°РЅРѕ РЅРѕРІРѕРµ РѕРєРЅРѕ РєР»Р°СЃСЃР° TeacherWindow
2024-12-08 12:40:12,982 - ui.window_manager - INFO - РџРѕРїС‹С‚РєР° РїРѕРєР°Р·Р°С‚СЊ РѕРєРЅРѕ РєР»Р°СЃСЃР° LoginWindow
2024-12-08 12:40:13,046 - ui.window_manager - INFO - РЈСЃРїРµС€РЅРѕ РїРѕРєР°Р·Р°РЅРѕ РЅРѕРІРѕРµ РѕРєРЅРѕ РєР»Р°СЃСЃР° LoginWindow
2024-12-08 12:51:11,209 - ui.window_manager - INFO - РЎРѕР·РґР°РЅ РЅРѕРІС‹Р№ СЌРєР·РµРјРїР»СЏСЂ WindowManager
2024-12-08 12:51:11,210 - ui.window_manager - INFO - РџРѕРїС‹С‚РєР° РїРѕРєР°Р·Р°С‚СЊ РѕРєРЅРѕ РєР»Р°СЃСЃР° LoginWindow
2024-12-08 12:51:11,434 - ui.window_manager - INFO - РЈСЃРїРµС€РЅРѕ РїРѕРєР°Р·Р°РЅРѕ РЅРѕРІРѕРµ РѕРєРЅРѕ РєР»Р°СЃСЃР° LoginWindow
2024-12-08 12:51:14,107 - ui.window_manager - INFO - РџРѕРїС‹С‚РєР° РїРѕРєР°Р·Р°С‚СЊ РѕРєРЅРѕ РєР»Р°СЃСЃР° TeacherLoginWindow
2024-12-08 12:51:14,128 - ui.window_manager - INFO - РЈСЃРїРµС€РЅРѕ РїРѕРєР°Р·Р°РЅРѕ РЅРѕРІРѕРµ РѕРєРЅРѕ РєР»Р°СЃСЃР° TeacherLoginWindow
2024-12-08 12:51:20,012 - ui.window_manager - INFO - РџРѕРїС‹С‚РєР° РїРѕРєР°Р·Р°С‚СЊ РѕРєРЅРѕ РєР»Р°СЃСЃР° TeacherWindow
2024-12-08 12:51:20,036 - ui.window_manager - INFO - РЈСЃРїРµС€РЅРѕ РїРѕРєР°Р·Р°РЅРѕ РЅРѕРІРѕРµ РѕРєРЅРѕ РєР»Р°СЃСЃР° TeacherWindow
2024-12-08 12:51:53,443 - ui.window_manager - INFO - РџРѕРїС‹С‚РєР° РїРѕРєР°Р·Р°С‚СЊ РѕРєРЅРѕ РєР»Р°СЃСЃР° LoginWindow
2024-12-08 12:51:53,506 - ui.window_manager - INFO - РЈСЃРїРµС€РЅРѕ РїРѕРєР°Р·Р°РЅРѕ РЅРѕРІРѕРµ РѕРєРЅРѕ РєР»Р°СЃСЃР° LoginWindow
2024-12-08 13:16:48,451 - ui.window_manager - INFO - РЎРѕР·РґР°РЅ РЅРѕРІС‹Р№ СЌРєР·РµРјРїР»СЏСЂ WindowManager
2024-12-08 13:16:48,451 - ui.window_manager - INFO - РџРѕРїС‹С‚РєР° РїРѕРєР°Р·Р°С‚СЊ РѕРєРЅРѕ РєР»Р°СЃСЃР° LoginWindow
2024-12-08 13:16:48,704 - ui.window_manager - INFO - РЈСЃРїРµС€РЅРѕ РїРѕРєР°Р·Р°РЅРѕ РЅРѕРІРѕРµ РѕРєРЅРѕ РєР»Р°СЃСЃР° LoginWindow
2024-12-08 13:17:46,354 - ui.window_manager - INFO - РЎРѕР·РґР°РЅ РЅРѕРІС‹Р№ СЌРєР·РµРјРїР»СЏСЂ WindowManager
2024-12-08 13:17:46,354 - ui.window_manager - INFO - РџРѕРїС‹С‚РєР° РїРѕРєР°Р·Р°С‚СЊ РѕРєРЅРѕ РєР»Р°СЃСЃР° LoginWindow
2024-12-08 13:17:46,577 - ui.window_manager - INFO - РЈСЃРїРµС€РЅРѕ РїРѕРєР°Р·Р°РЅРѕ РЅРѕРІРѕРµ РѕРєРЅРѕ РєР»Р°СЃСЃР° LoginWindow
2024-12-08 13:21:57,754 - ui.window_manager - INFO - РЎРѕР·РґР°РЅ РЅРѕРІС‹Р№ СЌРєР·РµРјРїР»СЏСЂ WindowManager
2024-12-08 13:21:57,755 - ui.window_manager - INFO - РџРѕРїС‹С‚РєР° РїРѕРєР°Р·Р°С‚СЊ РѕРєРЅРѕ РєР»Р°СЃСЃР° LoginWindow
2024-12-08 13:21:58,092 - ui.window_manager - INFO - РЈСЃРїРµС€РЅРѕ РїРѕРєР°Р·Р°РЅРѕ РЅРѕРІРѕРµ РѕРєРЅРѕ РєР»Р°СЃСЃР° LoginWindow
2024-12-08 13:22:36,740 - ui.window_manager - INFO - РЎРѕР·РґР°РЅ РЅРѕРІС‹Р№ СЌРєР·РµРјРїР»СЏСЂ WindowManager
2024-12-08 13:22:36,741 - ui.window_manager - INFO - РџРѕРїС‹С‚РєР° РїРѕРєР°Р·Р°С‚СЊ РѕРєРЅРѕ РєР»Р°СЃСЃР° LoginWindow
2024-12-08 13:22:36,951 - ui.window_manager - INFO - РЈСЃРїРµС€РЅРѕ РїРѕРєР°Р·Р°РЅРѕ РЅРѕРІРѕРµ РѕРєРЅРѕ РєР»Р°СЃСЃР° LoginWindow
2024-12-08 13:24:56,344 - ui.window_manager - INFO - РЎРѕР·РґР°РЅ РЅРѕРІС‹Р№ СЌРєР·РµРјРїР»СЏСЂ WindowManager
2024-12-08 13:24:56,344 - ui.window_manager - INFO - РџРѕРїС‹С‚РєР° РїРѕРєР°Р·Р°С‚СЊ РѕРєРЅРѕ РєР»Р°СЃСЃР° LoginWindow
2024-12-08 13:24:56,609 - ui.window_manager - INFO - РЈСЃРїРµС€РЅРѕ РїРѕРєР°Р·Р°РЅРѕ РЅРѕРІРѕРµ РѕРєРЅРѕ РєР»Р°СЃСЃР° LoginWindow
2024-12-08 13:50:24,564 - ui.window_manager - INFO - РЎРѕР·РґР°РЅ РЅРѕРІС‹Р№ СЌРєР·РµРјРїР»СЏСЂ WindowManager
2024-12-08 13:50:24,565 - ui.window_manager - INFO - РџРѕРїС‹С‚РєР° РїРѕРєР°Р·Р°С‚СЊ РѕРєРЅРѕ РєР»Р°СЃСЃР° LoginWindow
2024-12-08 13:50:24,988 - ui.window_manager - INFO - РЈСЃРїРµС€РЅРѕ РїРѕРєР°Р·Р°РЅРѕ РЅРѕРІРѕРµ РѕРєРЅРѕ РєР»Р°СЃСЃР° LoginWindow
2024-12-08 13:52:46,774 - ui.window_manager - INFO - РЎРѕР·РґР°РЅ РЅРѕРІС‹Р№ СЌРєР·РµРјРїР»СЏСЂ WindowManager
2024-12-08 13:52:46,776 - ui.window_manager - INFO - РџРѕРїС‹С‚РєР° РїРѕРєР°Р·Р°С‚СЊ РѕРєРЅРѕ РєР»Р°СЃСЃР° LoginWindow
2024-12-08 13:52:47,078 - ui.window_manager - INFO - РЈСЃРїРµС€РЅРѕ РїРѕРєР°Р·Р°РЅРѕ РЅРѕРІРѕРµ РѕРєРЅРѕ РєР»Р°СЃСЃР° LoginWindow
2024-12-08 13:56:49,896 - ui.window_manager - INFO - РЎРѕР·РґР°РЅ РЅРѕРІС‹Р№ СЌРєР·РµРјРїР»СЏСЂ WindowManager
2024-12-08 13:56:49,897 - ui.window_manager - INFO - РџРѕРїС‹С‚РєР° РїРѕРєР°Р·Р°С‚СЊ РѕРєРЅРѕ РєР»Р°СЃСЃР° LoginWindow
2024-12-08 13:56:50,322 - ui.window_manager - INFO - РЈСЃРїРµС€РЅРѕ РїРѕРєР°Р·Р°РЅРѕ РЅРѕРІРѕРµ РѕРєРЅРѕ РєР»Р°СЃСЃР° LoginWindow
2024-12-08 13:57:24,443 - ui.window_manager - INFO - РЎРѕР·РґР°РЅ РЅРѕРІС‹Р№ СЌРєР·РµРјРїР»СЏСЂ WindowManager
2024-12-08 13:57:24,443 - ui.window_manager - INFO - РџРѕРїС‹С‚РєР° РїРѕРєР°Р·Р°С‚СЊ РѕРєРЅРѕ РєР»Р°СЃСЃР° LoginWindow
2024-12-08 13:57:24,676 - ui.window_manager - INFO - РЈСЃРїРµС€РЅРѕ РїРѕРєР°Р·Р°РЅРѕ РЅРѕРІРѕРµ РѕРєРЅРѕ РєР»Р°СЃСЃР° LoginWindow
2024-12-08 13:59:47,183 - ui.window_manager - INFO - РЎРѕР·РґР°РЅ РЅРѕРІС‹Р№ СЌРєР·РµРјРїР»СЏСЂ WindowManager
2024-12-08 13:59:47,184 - ui.window_manager - INFO - РџРѕРїС‹С‚РєР° РїРѕРєР°Р·Р°С‚СЊ РѕРєРЅРѕ РєР»Р°СЃСЃР° LoginWindow
2024-12-08 13:59:47,497 - ui.window_manager - INFO - РЈСЃРїРµС€РЅРѕ РїРѕРєР°Р·Р°РЅРѕ РЅРѕРІРѕРµ РѕРєРЅРѕ РєР»Р°СЃСЃР° LoginWindow
2024-12-08 13:59:54,332 - ui.window_manager - INFO - РџРѕРїС‹С‚РєР° РїРѕРєР°Р·Р°С‚СЊ РѕРєРЅРѕ РєР»Р°СЃСЃР° LabSelectionWindow
2024-12-08 13:59:54,335 - ui.window_manager - INFO - РЈСЃРїРµС€РЅРѕ РїРѕРєР°Р·Р°РЅРѕ РЅРѕРІРѕРµ РѕРєРЅРѕ РєР»Р°СЃСЃР° LabSelectionWindow
2024-12-08 14:13:56,512 - ui.window_manager - INFO - РЎРѕР·РґР°РЅ РЅРѕРІС‹Р№ СЌРєР·РµРјРїР»СЏСЂ WindowManager
2024-12-08 14:13:56,513 - ui.window_manager - INFO - РџРѕРїС‹С‚РєР° РїРѕРєР°Р·Р°С‚СЊ РѕРєРЅРѕ РєР»Р°СЃСЃР° LoginWindow
2024-12-08 14:13:56,760 - ui.window_manager - INFO - РЈСЃРїРµС€РЅРѕ РїРѕРєР°Р·Р°РЅРѕ РЅРѕРІРѕРµ РѕРєРЅРѕ РєР»Р°СЃСЃР° LoginWindow
2024-12-08 14:14:07,002 - ui.window_manager - INFO - РџРѕРїС‹С‚РєР° РїРѕРєР°Р·Р°С‚СЊ РѕРєРЅРѕ РєР»Р°СЃСЃР° LabSelectionWindow
2024-12-08 14:14:07,008 - ui.window_manager - INFO - РЈСЃРїРµС€РЅРѕ РїРѕРєР°Р·Р°РЅРѕ РЅРѕРІРѕРµ РѕРєРЅРѕ РєР»Р°СЃСЃР° LabSelectionWindow
2024-12-08 14:53:26,186 - ui.window_manager - INFO - РЎРѕР·РґР°РЅ РЅРѕРІС‹Р№ СЌРєР·РµРјРїР»СЏСЂ WindowManager
2024-12-08 14:53:26,187 - ui.window_manager - INFO - РџРѕРїС‹С‚РєР° РїРѕРєР°Р·Р°С‚СЊ РѕРєРЅРѕ РєР»Р°СЃСЃР° LoginWindow
2024-12-08 14:53:26,639 - ui.window_manager - INFO - РЈСЃРїРµС€РЅРѕ РїРѕРєР°Р·Р°РЅРѕ РЅРѕРІРѕРµ РѕРєРЅРѕ РєР»Р°СЃСЃР° LoginWindow
2024-12-08 14:53:34,452 - ui.window_manager - INFO - РџРѕРїС‹С‚РєР° РїРѕРєР°Р·Р°С‚СЊ РѕРєРЅРѕ РєР»Р°СЃСЃР° LabSelectionWindow
2024-12-08 14:53:34,460 - ui.window_manager - INFO - РЈСЃРїРµС€РЅРѕ РїРѕРєР°Р·Р°РЅРѕ РЅРѕРІРѕРµ РѕРєРЅРѕ РєР»Р°СЃСЃР° LabSelectionWindow
2024-12-08 14:56:12,265 - ui.window_manager - INFO - РЎРѕР·РґР°РЅ РЅРѕРІС‹Р№ СЌРєР·РµРјРїР»СЏСЂ WindowManager
2024-12-08 14:56:12,266 - ui.window_manager - INFO - РџРѕРїС‹С‚РєР° РїРѕРєР°Р·Р°С‚СЊ РѕРєРЅРѕ РєР»Р°СЃСЃР° LoginWindow
2024-12-08 14:56:12,637 - ui.window_manager - INFO - РЈСЃРїРµС€РЅРѕ РїРѕРєР°Р·Р°РЅРѕ РЅРѕРІРѕРµ РѕРєРЅРѕ РєР»Р°СЃСЃР° LoginWindow
2024-12-08 14:56:20,887 - ui.window_manager - INFO - РџРѕРїС‹С‚РєР° РїРѕРєР°Р·Р°С‚СЊ РѕРєРЅРѕ РєР»Р°СЃСЃР° LabSelectionWindow
2024-12-08 14:56:20,894 - ui.window_manager - INFO - РЈСЃРїРµС€РЅРѕ РїРѕРєР°Р·Р°РЅРѕ РЅРѕРІРѕРµ РѕРєРЅРѕ РєР»Р°СЃСЃР° LabSelectionWindow
2024-12-08 14:57:42,732 - ui.window_manager - INFO - РЎРѕР·РґР°РЅ РЅРѕРІС‹Р№ СЌРєР·РµРјРїР»СЏСЂ WindowManager
2024-12-08 14:57:42,733 - ui.window_manager - INFO - РџРѕРїС‹С‚РєР° РїРѕРєР°Р·Р°С‚СЊ РѕРєРЅРѕ РєР»Р°СЃСЃР° LoginWindow
2024-12-08 14:57:42,976 - ui.window_manager - INFO - РЈСЃРїРµС€РЅРѕ РїРѕРєР°Р·Р°РЅРѕ РЅРѕРІРѕРµ РѕРєРЅРѕ РєР»Р°СЃСЃР° LoginWindow
2024-12-08 14:57:50,926 - ui.window_manager - INFO - РџРѕРїС‹С‚РєР° РїРѕРєР°Р·Р°С‚СЊ РѕРєРЅРѕ РєР»Р°СЃСЃР° LabSelectionWindow
2024-12-08 14:57:50,932 - ui.window_manager - INFO - РЈСЃРїРµС€РЅРѕ РїРѕРєР°Р·Р°РЅРѕ РЅРѕРІРѕРµ РѕРєРЅРѕ РєР»Р°СЃСЃР° LabSelectionWindow
2024-12-08 14:59:43,002 - ui.window_manager - INFO - РЎРѕР·РґР°РЅ РЅРѕРІС‹Р№ СЌРєР·РµРјРїР»СЏСЂ WindowManager
2024-12-08 14:59:43,002 - ui.window_manager - INFO - РџРѕРїС‹С‚РєР° РїРѕРєР°Р·Р°С‚СЊ РѕРєРЅРѕ РєР»Р°СЃСЃР° LoginWindow
2024-12-08 14:59:43,342 - ui.window_manager - INFO - РЈСЃРїРµС€РЅРѕ РїРѕРєР°Р·Р°РЅРѕ РЅРѕРІРѕРµ РѕРєРЅРѕ РєР»Р°СЃСЃР° LoginWindow
2024-12-08 15:00:51,088 - ui.window_manager - INFO - РЎРѕР·РґР°РЅ РЅРѕРІС‹Р№ СЌРєР·РµРјРїР»СЏСЂ WindowManager
2024-12-08 15:00:51,088 - ui.window_manager - INFO - РџРѕРїС‹С‚РєР° РїРѕРєР°Р·Р°С‚СЊ РѕРєРЅРѕ РєР»Р°СЃСЃР° LoginWindow
2024-12-08 15:00:51,313 - ui.window_manager - INFO - РЈСЃРїРµС€РЅРѕ РїРѕРєР°Р·Р°РЅРѕ РЅРѕРІРѕРµ РѕРєРЅРѕ РєР»Р°СЃСЃР° LoginWindow
2024-12-08 15:01:00,389 - ui.window_manager - INFO - РџРѕРїС‹С‚РєР° РїРѕРєР°Р·Р°С‚СЊ РѕРєРЅРѕ РєР»Р°СЃСЃР° LabSelectionWindow
2024-12-08 15:01:00,397 - ui.window_manager - INFO - РЈСЃРїРµС€РЅРѕ РїРѕРєР°Р·Р°РЅРѕ РЅРѕРІРѕРµ РѕРєРЅРѕ РєР»Р°СЃСЃР° LabSelectionWindow
2024-12-08 15:04:05,596 - ui.window_manager - INFO - РЎРѕР·РґР°РЅ РЅРѕРІС‹Р№ СЌРєР·РµРјРїР»СЏСЂ WindowManager
2024-12-08 15:04:05,597 - ui.window_manager - INFO - РџРѕРїС‹С‚РєР° РїРѕРєР°Р·Р°С‚СЊ РѕРєРЅРѕ РєР»Р°СЃСЃР° LoginWindow
2024-12-08 15:04:05,916 - ui.window_manager - INFO - РЈСЃРїРµС€РЅРѕ РїРѕРєР°Р·Р°РЅРѕ РЅРѕРІРѕРµ РѕРєРЅРѕ РєР»Р°СЃСЃР° LoginWindow
2024-12-08 15:04:16,153 - ui.window_manager - INFO - РџРѕРїС‹С‚РєР° РїРѕРєР°Р·Р°С‚СЊ РѕРєРЅРѕ РєР»Р°СЃСЃР° LabSelectionWindow
2024-12-08 15:04:16,160 - ui.window_manager - INFO - РЈСЃРїРµС€РЅРѕ РїРѕРєР°Р·Р°РЅРѕ РЅРѕРІРѕРµ РѕРєРЅРѕ РєР»Р°СЃСЃР° LabSelectionWindow
2024-12-08 15:04:18,212 - ui.window_manager - INFO - РџРѕРїС‹С‚РєР° РїРѕРєР°Р·Р°С‚СЊ РѕРєРЅРѕ РєР»Р°СЃСЃР° TestHistoryWindow
2024-12-08 15:04:18,213 - ui.window_manager - INFO - РЈСЃРїРµС€РЅРѕ РїРѕРєР°Р·Р°РЅРѕ РЅРѕРІРѕРµ РѕРєРЅРѕ РєР»Р°СЃСЃР° TestHistoryWindow
2024-12-08 15:05:27,594 - ui.window_manager - INFO - РЎРѕР·РґР°РЅ РЅРѕРІС‹Р№ СЌРєР·РµРјРїР»СЏСЂ WindowManager
2024-12-08 15:05:27,595 - ui.window_manager - INFO - РџРѕРїС‹С‚РєР° РїРѕРєР°Р·Р°С‚СЊ РѕРєРЅРѕ РєР»Р°СЃСЃР° LoginWindow
2024-12-08 15:05:27,855 - ui.window_manager - INFO - РЈСЃРїРµС€РЅРѕ РїРѕРєР°Р·Р°РЅРѕ РЅРѕРІРѕРµ РѕРєРЅРѕ РєР»Р°СЃСЃР° LoginWindow
2024-12-08 15:05:36,452 - ui.window_manager - INFO - РџРѕРїС‹С‚РєР° РїРѕРєР°Р·Р°С‚СЊ РѕРєРЅРѕ РєР»Р°СЃСЃР° LabSelectionWindow
2024-12-08 15:05:36,464 - ui.window_manager - INFO - РЈСЃРїРµС€РЅРѕ РїРѕРєР°Р·Р°РЅРѕ РЅРѕРІРѕРµ РѕРєРЅРѕ РєР»Р°СЃСЃР° LabSelectionWindow
2024-12-08 15:05:38,074 - ui.window_manager - INFO - РџРѕРїС‹С‚РєР° РїРѕРєР°Р·Р°С‚СЊ РѕРєРЅРѕ РєР»Р°СЃСЃР° TestHistoryWindow
2024-12-08 15:05:38,075 - ui.window_manager - INFO - РЈСЃРїРµС€РЅРѕ РїРѕРєР°Р·Р°РЅРѕ РЅРѕРІРѕРµ РѕРєРЅРѕ РєР»Р°СЃСЃР° TestHistoryWindow
2024-12-08 16:25:08,323 - ui.window_manager - INFO - пїЅпїЅпїЅпїЅпїЅпїЅ пїЅпїЅпїЅпїЅпїЅ пїЅпїЅпїЅпїЅпїЅпїЅпїЅпїЅпїЅ WindowManager
2024-12-08 16:25:08,324 - ui.window_manager - INFO - пїЅпїЅпїЅпїЅпїЅпїЅпїЅ пїЅпїЅпїЅпїЅпїЅпїЅпїЅпїЅ пїЅпїЅпїЅпїЅ пїЅпїЅпїЅпїЅпїЅпїЅ LoginWindow
2024-12-08 16:25:09,082 - ui.window_manager - INFO - пїЅпїЅпїЅпїЅпїЅпїЅпїЅ пїЅпїЅпїЅпїЅпїЅпїЅпїЅпїЅ пїЅпїЅпїЅпїЅпїЅ пїЅпїЅпїЅпїЅ пїЅпїЅпїЅпїЅпїЅпїЅ LoginWindow
2024-12-08 16:25:35,662 - ui.window_manager - INFO - пїЅпїЅпїЅпїЅпїЅпїЅпїЅ пїЅпїЅпїЅпїЅпїЅпїЅпїЅпїЅ пїЅпїЅпїЅпїЅ пїЅпїЅпїЅпїЅпїЅпїЅ LabSelectionWindow
2024-12-08 16:25:35,703 - ui.window_manager - INFO - пїЅпїЅпїЅпїЅпїЅпїЅпїЅ пїЅпїЅпїЅпїЅпїЅпїЅпїЅпїЅ пїЅпїЅпїЅпїЅпїЅ пїЅпїЅпїЅпїЅ пїЅпїЅпїЅпїЅпїЅпїЅ LabSelectionWindow
2024-12-08 16:25:37,316 - ui.window_manager - INFO - пїЅпїЅпїЅпїЅпїЅпїЅпїЅ пїЅпїЅпїЅпїЅпїЅпїЅпїЅпїЅ пїЅпїЅпїЅпїЅ пїЅпїЅпїЅпїЅпїЅпїЅ TestHistoryWindow
2024-12-08 16:25:37,325 - ui.window_manager - INFO - пїЅпїЅпїЅпїЅпїЅпїЅпїЅ пїЅпїЅпїЅпїЅпїЅпїЅпїЅпїЅ пїЅпїЅпїЅпїЅпїЅ пїЅпїЅпїЅпїЅ пїЅпїЅпїЅпїЅпїЅпїЅ TestHistoryWindow
2024-12-08 16:50:37,772 - ui.window_manager - INFO - Создан новый экземпляр WindowManager
2024-12-08 16:50:37,773 - ui.window_manager - INFO - Попытка показать окно класса LoginWindow
2024-12-08 16:50:38,374 - ui.window_manager - INFO - Успешно показано новое окно класса LoginWindow
2024-12-08 16:52:07,603 - ui.window_manager - INFO - Создан новый экземпляр WindowManager
2024-12-08 16:52:07,603 - ui.window_manager - INFO - Попытка показать окно класса LoginWindow
2024-12-08 16:52:08,180 - ui.window_manager - INFO - Успешно показано новое окно класса LoginWindow
2024-12-08 16:58:38,367 - ui.window_manager - INFO - Создан новый экземпляр WindowManager
2024-12-08 16:58:38,368 - ui.window_manager - INFO - Попытка показать окно класса LoginWindow
2024-12-08 16:58:38,912 - ui.window_manager - INFO - Успешно показано новое окно класса LoginWindow
2024-12-08 17:01:10,013 - ui.window_manager - INFO - Создан новый экземпляр WindowManager
2024-12-08 17:01:10,014 - ui.window_manager - INFO - Попытка показать окно класса LoginWindow
2024-12-08 17:01:10,596 - ui.window_manager - INFO - Успешно показано новое окно класса LoginWindow
2024-12-08 17:01:18,588 - ui.window_manager - INFO - Попытка показать окно класса LabSelectionWindow
2024-12-08 17:01:18,627 - ui.window_manager - INFO - Успешно показано новое окно класса LabSelectionWindow
2024-12-08 17:01:20,813 - ui.window_manager - INFO - Попытка показать окно класса TestHistoryWindow
2024-12-08 17:01:20,822 - ui.window_manager - INFO - Успешно показано новое окно класса TestHistoryWindow
2024-12-08 17:23:34,499 - ui.window_manager - INFO - Создан новый экземпляр WindowManager
2024-12-08 17:23:34,499 - ui.window_manager - INFO - Попытка показать окно класса LoginWindow
2024-12-08 17:23:35,347 - ui.window_manager - INFO - Успешно показано новое окно класса LoginWindow
2024-12-08 17:39:14,113 - root - INFO - Установлен путь к плагинам Qt: C:\Users\MrDes\AppData\Local\Packages\PythonSoftwareFoundation.Python.3.11_qbz5n2kfra8p0\LocalCache\local-packages\Python311\site-packages\PyQt5\Qt5\plugins
2024-12-08 17:39:14,184 - __main__ - INFO - Qt version: 5.15.2
2024-12-08 17:39:14,184 - __main__ - INFO - QT_PLUGIN_PATH: C:\Users\MrDes\AppData\Local\Packages\PythonSoftwareFoundation.Python.3.11_qbz5n2kfra8p0\LocalCache\local-packages\Python311\site-packages\PyQt5\Qt5\plugins
2024-12-08 17:39:14,184 - ui.window_manager - INFO - Создан новый экземпляр WindowManager
2024-12-08 17:39:14,185 - ui.window_manager - INFO - Попытка показать окно класса LoginWindow
2024-12-08 17:39:15,109 - ui.window_manager - INFO - Успешно показано новое окно класса LoginWindow
2024-12-08 17:39:22,983 - ui.window_manager - INFO - Попытка показать окно класса LabSelectionWindow
2024-12-08 17:39:23,035 - ui.window_manager - INFO - Успешно показано новое окно класса LabSelectionWindow
2024-12-08 17:40:11,832 - ui.window_manager - INFO - Попытка показать окно класса TestWindow
2024-12-08 17:40:11,839 - ui.window_manager - INFO - Успешно показано новое окно класса TestWindow
2024-12-08 17:41:02,959 - root - INFO - Установлен путь к плагинам Qt: C:\Users\MrDes\AppData\Local\Packages\PythonSoftwareFoundation.Python.3.11_qbz5n2kfra8p0\LocalCache\local-packages\Python311\site-packages\PyQt5\Qt5\plugins
2024-12-08 17:41:02,974 - __main__ - INFO - Qt version: 5.15.2
2024-12-08 17:41:02,974 - __main__ - INFO - QT_PLUGIN_PATH: C:\Users\MrDes\AppData\Local\Packages\PythonSoftwareFoundation.Python.3.11_qbz5n2kfra8p0\LocalCache\local-packages\Python311\site-packages\PyQt5\Qt5\plugins
2024-12-08 17:41:02,975 - ui.window_manager - INFO - Создан новый экземпляр WindowManager
2024-12-08 17:41:02,975 - ui.window_manager - INFO - Попытка показать окно класса LoginWindow
2024-12-08 17:41:03,606 - ui.window_manager - INFO - Успешно показано новое окно класса LoginWindow
2024-12-08 17:41:30,926 - ui.window_manager - INFO - Попытка показать окно класса LabSelectionWindow
2024-12-08 17:41:30,928 - ui.window_manager - INFO - Успешно показано новое окно класса LabSelectionWindow
2024-12-08 17:41:39,290 - ui.window_manager - INFO - Попытка показать окно класса LoginWindow
2024-12-08 17:41:39,324 - ui.window_manager - ERROR - Ошибка при создании окна: wrapped C/C++ object of type LoginWindow has been deleted
Traceback (most recent call last):
  File "c:\Users\MrDes\OneDrive\Документы\GitHub\student_app_my\students_app\ui\window_manager.py", line 53, in show_window
    self._windows[window_class].close()
RuntimeError: wrapped C/C++ object of type LoginWindow has been deleted
2024-12-08 17:42:03,034 - root - INFO - Установлен путь к плагинам Qt: C:\Users\MrDes\AppData\Local\Packages\PythonSoftwareFoundation.Python.3.11_qbz5n2kfra8p0\LocalCache\local-packages\Python311\site-packages\PyQt5\Qt5\plugins
2024-12-08 17:42:03,051 - __main__ - INFO - Qt version: 5.15.2
2024-12-08 17:42:03,051 - __main__ - INFO - QT_PLUGIN_PATH: C:\Users\MrDes\AppData\Local\Packages\PythonSoftwareFoundation.Python.3.11_qbz5n2kfra8p0\LocalCache\local-packages\Python311\site-packages\PyQt5\Qt5\plugins
2024-12-08 17:42:03,051 - ui.window_manager - INFO - Создан новый экземпляр WindowManager
2024-12-08 17:42:03,052 - ui.window_manager - INFO - Попытка показать окно класса LoginWindow
2024-12-08 17:42:03,698 - ui.window_manager - INFO - Успешно показано новое окно класса LoginWindow
2024-12-08 17:43:26,840 - root - INFO - Установлен путь к плагинам Qt: C:\Users\MrDes\AppData\Local\Packages\PythonSoftwareFoundation.Python.3.11_qbz5n2kfra8p0\LocalCache\local-packages\Python311\site-packages\PyQt5\Qt5\plugins
2024-12-08 17:43:26,857 - __main__ - INFO - Qt version: 5.15.2
2024-12-08 17:43:26,858 - __main__ - INFO - QT_PLUGIN_PATH: C:\Users\MrDes\AppData\Local\Packages\PythonSoftwareFoundation.Python.3.11_qbz5n2kfra8p0\LocalCache\local-packages\Python311\site-packages\PyQt5\Qt5\plugins
2024-12-08 17:43:26,858 - ui.window_manager - INFO - Создан новый экземпляр WindowManager
2024-12-08 17:43:26,858 - ui.window_manager - INFO - Попытка показать окно класса LoginWindow
2024-12-08 17:43:27,498 - ui.window_manager - INFO - Успешно показано новое окно класса LoginWindow
2024-12-08 17:45:06,145 - root - INFO - Установлен путь к плагинам Qt: C:\Users\MrDes\AppData\Local\Packages\PythonSoftwareFoundation.Python.3.11_qbz5n2kfra8p0\LocalCache\local-packages\Python311\site-packages\PyQt5\Qt5\plugins
2024-12-08 17:45:06,159 - __main__ - INFO - Qt version: 5.15.2
2024-12-08 17:45:06,159 - __main__ - INFO - QT_PLUGIN_PATH: C:\Users\MrDes\AppData\Local\Packages\PythonSoftwareFoundation.Python.3.11_qbz5n2kfra8p0\LocalCache\local-packages\Python311\site-packages\PyQt5\Qt5\plugins
2024-12-08 17:45:06,160 - ui.window_manager - INFO - Создан новый экземпляр WindowManager
2024-12-08 17:45:06,160 - ui.window_manager - INFO - Попытка показать окно класса LoginWindow
2024-12-08 17:45:06,564 - ui.window_manager - INFO - Успешно показано новое окно класса LoginWindow
2024-12-08 17:46:12,472 - root - INFO - Установлен путь к плагинам Qt: C:\Users\MrDes\AppData\Local\Packages\PythonSoftwareFoundation.Python.3.11_qbz5n2kfra8p0\LocalCache\local-packages\Python311\site-packages\PyQt5\Qt5\plugins
2024-12-08 17:46:12,489 - __main__ - INFO - Qt version: 5.15.2
2024-12-08 17:46:12,490 - __main__ - INFO - QT_PLUGIN_PATH: C:\Users\MrDes\AppData\Local\Packages\PythonSoftwareFoundation.Python.3.11_qbz5n2kfra8p0\LocalCache\local-packages\Python311\site-packages\PyQt5\Qt5\plugins
2024-12-08 17:46:12,490 - ui.window_manager - INFO - Создан новый экземпляр WindowManager
2024-12-08 17:46:12,490 - ui.window_manager - INFO - Попытка показать окно класса LoginWindow
2024-12-08 17:46:12,943 - ui.window_manager - INFO - Успешно показано новое окно класса LoginWindow
2024-12-08 17:47:36,796 - root - INFO - Установлен путь к плагинам Qt: C:\Users\MrDes\AppData\Local\Packages\PythonSoftwareFoundation.Python.3.11_qbz5n2kfra8p0\LocalCache\local-packages\Python311\site-packages\PyQt5\Qt5\plugins
2024-12-08 17:47:36,815 - __main__ - INFO - Qt version: 5.15.2
2024-12-08 17:47:36,815 - __main__ - INFO - QT_PLUGIN_PATH: C:\Users\MrDes\AppData\Local\Packages\PythonSoftwareFoundation.Python.3.11_qbz5n2kfra8p0\LocalCache\local-packages\Python311\site-packages\PyQt5\Qt5\plugins
2024-12-08 17:47:36,816 - ui.window_manager - INFO - Создан новый экземпляр WindowManager
2024-12-08 17:47:36,816 - ui.window_manager - INFO - Попытка показать окно класса LoginWindow
2024-12-08 17:47:37,298 - ui.window_manager - INFO - Успешно показано новое окно класса LoginWindow
2024-12-08 17:49:30,974 - root - INFO - Установлен путь к плагинам Qt: C:\Users\MrDes\AppData\Local\Packages\PythonSoftwareFoundation.Python.3.11_qbz5n2kfra8p0\LocalCache\local-packages\Python311\site-packages\PyQt5\Qt5\plugins
2024-12-08 17:49:30,990 - __main__ - INFO - Qt version: 5.15.2
2024-12-08 17:49:30,990 - __main__ - INFO - QT_PLUGIN_PATH: C:\Users\MrDes\AppData\Local\Packages\PythonSoftwareFoundation.Python.3.11_qbz5n2kfra8p0\LocalCache\local-packages\Python311\site-packages\PyQt5\Qt5\plugins
2024-12-08 17:49:30,990 - ui.window_manager - INFO - Создан новый экземпляр WindowManager
2024-12-08 17:49:30,992 - ui.window_manager - INFO - Попытка показать окно класса LoginWindow
2024-12-08 17:49:31,411 - ui.window_manager - INFO - Успешно показано новое окно класса LoginWindow
2024-12-08 17:50:16,783 - root - INFO - Установлен путь к плагинам Qt: C:\Users\MrDes\AppData\Local\Packages\PythonSoftwareFoundation.Python.3.11_qbz5n2kfra8p0\LocalCache\local-packages\Python311\site-packages\PyQt5\Qt5\plugins
2024-12-08 17:50:16,799 - __main__ - INFO - Qt version: 5.15.2
2024-12-08 17:50:16,800 - __main__ - INFO - QT_PLUGIN_PATH: C:\Users\MrDes\AppData\Local\Packages\PythonSoftwareFoundation.Python.3.11_qbz5n2kfra8p0\LocalCache\local-packages\Python311\site-packages\PyQt5\Qt5\plugins
2024-12-08 17:50:16,800 - ui.window_manager - INFO - Создан новый экземпляр WindowManager
2024-12-08 17:50:16,800 - ui.window_manager - INFO - Попытка показать окно класса LoginWindow
2024-12-08 17:50:17,206 - ui.window_manager - INFO - Успешно показано новое окно класса LoginWindow
2024-12-08 18:08:30,619 - root - INFO - Установлен путь к плагинам Qt: C:\Users\MrDes\AppData\Local\Packages\PythonSoftwareFoundation.Python.3.11_qbz5n2kfra8p0\LocalCache\local-packages\Python311\site-packages\PyQt5\Qt5\plugins
2024-12-08 18:08:30,635 - __main__ - INFO - Qt version: 5.15.2
2024-12-08 18:08:30,635 - __main__ - INFO - QT_PLUGIN_PATH: C:\Users\MrDes\AppData\Local\Packages\PythonSoftwareFoundation.Python.3.11_qbz5n2kfra8p0\LocalCache\local-packages\Python311\site-packages\PyQt5\Qt5\plugins
2024-12-08 18:08:30,635 - ui.window_manager - INFO - Создан новый экземпляр WindowManager
2024-12-08 18:08:30,635 - ui.window_manager - INFO - Попытка показать окно класса LoginWindow
2024-12-08 18:08:31,051 - ui.window_manager - INFO - Успешно показано новое окно класса LoginWindow
2024-12-08 18:18:08,472 - root - INFO - Установлен путь к плагинам Qt: C:\Users\MrDes\AppData\Local\Packages\PythonSoftwareFoundation.Python.3.11_qbz5n2kfra8p0\LocalCache\local-packages\Python311\site-packages\PyQt5\Qt5\plugins
2024-12-08 18:18:08,490 - __main__ - INFO - Qt version: 5.15.2
2024-12-08 18:18:08,491 - __main__ - INFO - QT_PLUGIN_PATH: C:\Users\MrDes\AppData\Local\Packages\PythonSoftwareFoundation.Python.3.11_qbz5n2kfra8p0\LocalCache\local-packages\Python311\site-packages\PyQt5\Qt5\plugins
2024-12-08 18:18:08,491 - ui.window_manager - INFO - Создан новый экземпляр WindowManager
2024-12-08 18:18:08,491 - ui.window_manager - INFO - Попытка показать окно класса LoginWindow
2024-12-08 18:18:08,917 - ui.window_manager - INFO - Успешно показано новое окно класса LoginWindow
2024-12-08 18:18:15,060 - root - INFO - Установлен путь к плагинам Qt: C:\Users\MrDes\AppData\Local\Packages\PythonSoftwareFoundation.Python.3.11_qbz5n2kfra8p0\LocalCache\local-packages\Python311\site-packages\PyQt5\Qt5\plugins
2024-12-08 18:18:15,079 - __main__ - INFO - Qt version: 5.15.2
2024-12-08 18:18:15,079 - __main__ - INFO - QT_PLUGIN_PATH: C:\Users\MrDes\AppData\Local\Packages\PythonSoftwareFoundation.Python.3.11_qbz5n2kfra8p0\LocalCache\local-packages\Python311\site-packages\PyQt5\Qt5\plugins
2024-12-08 18:18:15,080 - ui.window_manager - INFO - Создан новый экземпляр WindowManager
2024-12-08 18:18:15,081 - ui.window_manager - INFO - Попытка показать окно класса LoginWindow
2024-12-08 18:18:15,481 - ui.window_manager - INFO - Успешно показано новое окно класса LoginWindow
2024-12-08 18:19:19,388 - root - INFO - Установлен путь к плагинам Qt: C:\Users\MrDes\AppData\Local\Packages\PythonSoftwareFoundation.Python.3.11_qbz5n2kfra8p0\LocalCache\local-packages\Python311\site-packages\PyQt5\Qt5\plugins
2024-12-08 18:19:19,402 - __main__ - INFO - Qt version: 5.15.2
2024-12-08 18:19:19,402 - __main__ - INFO - QT_PLUGIN_PATH: C:\Users\MrDes\AppData\Local\Packages\PythonSoftwareFoundation.Python.3.11_qbz5n2kfra8p0\LocalCache\local-packages\Python311\site-packages\PyQt5\Qt5\plugins
2024-12-08 18:19:19,403 - ui.window_manager - INFO - Создан новый экземпляр WindowManager
2024-12-08 18:19:19,403 - ui.window_manager - INFO - Попытка показать окно класса LoginWindow
2024-12-08 18:19:19,793 - ui.window_manager - INFO - Успешно показано новое окно класса LoginWindow
2024-12-08 18:20:17,572 - root - INFO - Установлен путь к плагинам Qt: C:\Users\MrDes\AppData\Local\Packages\PythonSoftwareFoundation.Python.3.11_qbz5n2kfra8p0\LocalCache\local-packages\Python311\site-packages\PyQt5\Qt5\plugins
2024-12-08 18:20:17,587 - __main__ - INFO - Qt version: 5.15.2
2024-12-08 18:20:17,587 - __main__ - INFO - QT_PLUGIN_PATH: C:\Users\MrDes\AppData\Local\Packages\PythonSoftwareFoundation.Python.3.11_qbz5n2kfra8p0\LocalCache\local-packages\Python311\site-packages\PyQt5\Qt5\plugins
2024-12-08 18:20:17,587 - ui.window_manager - INFO - Создан новый экземпляр WindowManager
2024-12-08 18:20:17,587 - ui.window_manager - INFO - Попытка показать окно класса LoginWindow
2024-12-08 18:20:17,976 - ui.window_manager - INFO - Успешно показано новое окно класса LoginWindow
2024-12-08 18:31:37,641 - root - INFO - Установлен путь к плагинам Qt: C:\Users\MrDes\AppData\Local\Packages\PythonSoftwareFoundation.Python.3.11_qbz5n2kfra8p0\LocalCache\local-packages\Python311\site-packages\PyQt5\Qt5\plugins
2024-12-08 18:31:37,657 - __main__ - INFO - Qt version: 5.15.2
2024-12-08 18:31:37,657 - __main__ - INFO - QT_PLUGIN_PATH: C:\Users\MrDes\AppData\Local\Packages\PythonSoftwareFoundation.Python.3.11_qbz5n2kfra8p0\LocalCache\local-packages\Python311\site-packages\PyQt5\Qt5\plugins
2024-12-08 18:31:37,657 - ui.window_manager - INFO - Создан новый экземпляр WindowManager
2024-12-08 18:31:37,658 - ui.window_manager - INFO - Попытка показать окно класса LoginWindow
2024-12-08 18:31:38,010 - ui.window_manager - INFO - Успешно показано новое окно класса LoginWindow
2024-12-08 18:33:32,716 - root - INFO - Установлен путь к плагинам Qt: C:\Users\MrDes\AppData\Local\Packages\PythonSoftwareFoundation.Python.3.11_qbz5n2kfra8p0\LocalCache\local-packages\Python311\site-packages\PyQt5\Qt5\plugins
2024-12-08 18:33:32,732 - __main__ - INFO - Qt version: 5.15.2
2024-12-08 18:33:32,732 - __main__ - INFO - QT_PLUGIN_PATH: C:\Users\MrDes\AppData\Local\Packages\PythonSoftwareFoundation.Python.3.11_qbz5n2kfra8p0\LocalCache\local-packages\Python311\site-packages\PyQt5\Qt5\plugins
2024-12-08 18:33:32,733 - ui.window_manager - INFO - Создан новый экземпляр WindowManager
2024-12-08 18:33:32,733 - ui.window_manager - INFO - Попытка показать окно класса LoginWindow
2024-12-08 18:33:33,096 - ui.window_manager - INFO - Успешно показано новое окно класса LoginWindow
